
Sections d'entrée éliminées

 .riscv.attributes
                0x00000000       0x1a /tmp/cccIE2wI.o

Configuration mémoire

Nom              Origine            Longueur           Attributs
ram              0x00000000         0x00000100         xrw
*default*        0x00000000         0xffffffff

Script de l'éditeurs de liens and table de projection mémoire

LOAD /tmp/cccIE2wI.o
LOAD /usr/lib/gcc/riscv32-linux-gnu/15/lib32/ilp32/libgcc.a
                0x000000fc                        stack = 0xfc

.text           0x00000000       0x44
 *(.text._start)
 *(.text)
 .text          0x00000000       0x44 /tmp/cccIE2wI.o
                0x00000000                _start
 *(.text.*)
                0x00000044                        _etext = .

.rodata         0x00000044        0x0
                0x00000044                        _srodata = .
 *(.rodata)
 *(.rodata.*)
                0x00000044                        _erodata = .

.data           0x00000044        0x0
                0x00000044                        _sdata = .
 *(.data)
 .data          0x00000044        0x0 /tmp/cccIE2wI.o
 *(.data*)
                0x00000044                        _edata = .

.bss            0x00000044        0x0
                0x00000044                        _sbss = .
 *(.bss)
 .bss           0x00000044        0x0 /tmp/cccIE2wI.o
                0x00000044                        _ebss = .

/DISCARD/
 *(.eh_frame)
 *(.comment)
 *(.note*)
 *(.riscv.attributes)
 *(.gnu.build.attributes)
 *(.debug*)
OUTPUT(test.elf elf32-littleriscv)
